components/profile/ProfileTabs.tsx(235,130): error TS2339: Property 'setError' does not exist on type '{ profile: any; setProfile: any; loading: any; error: any; success: any; clearMessages: () => void; refresh: any; update: any; changePassword: any; initiateEmailChange: any; verifyEmailChange: any; }'.
components/profile/ProfileTabs.tsx(235,143): error TS2339: Property 'setError' does not exist on type '{ profile: any; setProfile: any; loading: any; error: any; success: any; clearMessages: () => void; refresh: any; update: any; changePassword: any; initiateEmailChange: any; verifyEmailChange: any; }'.
tailwind.config.ts(31,5): error TS2353: Object literal may only specify known properties, and 'safelist' does not exist in type 'UserConfig'.
