src/agent/pipeline.ts(149,15): error TS2322: Type 'EstimatedImpact[]' is not assignable to type 'NullableJsonNullValueInput | InputJsonValue | undefined'.
  Type 'EstimatedImpact[]' is not assignable to type 'InputJsonObject'.
    Index signature for type 'string' is missing in type 'EstimatedImpact[]'.
src/api/news/news.router.ts(137,34): error TS2339: Property 'toUpperCase' does not exist on type 'string | string[]'.
  Property 'toUpperCase' does not exist on type 'string[]'.
src/api/news/news.router.ts(173,36): error TS2345: Argument of type 'string | string[]' is not assignable to parameter of type 'string'.
  Type 'string[]' is not assignable to type 'string'.
src/api/news/news.router.ts(175,20): error TS2345: Argument of type 'string | string[]' is not assignable to parameter of type 'string'.
  Type 'string[]' is not assignable to type 'string'.
src/middleware/requestLogger.ts(17,3): error TS2769: No overload matches this call.
  The last overload gave the following error.
    Argument of type '"dev" | ((tokens: TokenIndexer<IncomingMessage, ServerResponse<IncomingMessage>>, req: IncomingMessage, res: ServerResponse<...>) => string)' is not assignable to parameter of type 'FormatFn<IncomingMessage, ServerResponse<IncomingMessage>>'.
      Type 'string' is not assignable to type 'FormatFn<IncomingMessage, ServerResponse<IncomingMessage>>'.
src/queue/queue.ts(9,3): error TS2322: Type 'Redis' is not assignable to type 'ConnectionOptions'.
  Type 'Redis' is not assignable to type 'ClusterOptions | Redis | Cluster'.
    Type 'import("C:/Users/kurni/OneDrive/Documents/idx-ai-trader (1)/backend/node_modules/ioredis/built/Redis").default' is not assignable to type 'import("C:/Users/kurni/OneDrive/Documents/idx-ai-trader (1)/backend/node_modules/bullmq/node_modules/ioredis/built/Redis").default'.
      Types of property 'options' are incompatible.
        Type 'import("C:/Users/kurni/OneDrive/Documents/idx-ai-trader (1)/backend/node_modules/ioredis/built/redis/RedisOptions").RedisOptions' is not assignable to type 'import("C:/Users/kurni/OneDrive/Documents/idx-ai-trader (1)/backend/node_modules/bullmq/node_modules/ioredis/built/redis/RedisOptions").RedisOptions'.
          Type 'RedisOptions' is not assignable to type 'CommonRedisOptions'.
            Types of property 'Connector' are incompatible.
              Type 'import("C:/Users/kurni/OneDrive/Documents/idx-ai-trader (1)/backend/node_modules/ioredis/built/connectors/ConnectorConstructor").default | undefined' is not assignable to type 'import("C:/Users/kurni/OneDrive/Documents/idx-ai-trader (1)/backend/node_modules/bullmq/node_modules/ioredis/built/connectors/ConnectorConstructor").default | undefined'.
                Type 'import("C:/Users/kurni/OneDrive/Documents/idx-ai-trader (1)/backend/node_modules/ioredis/built/connectors/ConnectorConstructor").default' is not assignable to type 'import("C:/Users/kurni/OneDrive/Documents/idx-ai-trader (1)/backend/node_modules/bullmq/node_modules/ioredis/built/connectors/ConnectorConstructor").default'.
                  Type 'import("C:/Users/kurni/OneDrive/Documents/idx-ai-trader (1)/backend/node_modules/ioredis/built/connectors/AbstractConnector").default' is not assignable to type 'import("C:/Users/kurni/OneDrive/Documents/idx-ai-trader (1)/backend/node_modules/bullmq/node_modules/ioredis/built/connectors/AbstractConnector").default'.
                    Property 'connecting' is protected but type 'AbstractConnector' is not a class derived from 'AbstractConnector'.
src/queue/queue.ts(27,5): error TS2322: Type 'Redis' is not assignable to type 'ConnectionOptions'.
  Type 'Redis' is not assignable to type 'ClusterOptions | Redis | Cluster'.
    Type 'import("C:/Users/kurni/OneDrive/Documents/idx-ai-trader (1)/backend/node_modules/ioredis/built/Redis").default' is not assignable to type 'import("C:/Users/kurni/OneDrive/Documents/idx-ai-trader (1)/backend/node_modules/bullmq/node_modules/ioredis/built/Redis").default'.
      Types of property 'options' are incompatible.
        Type 'import("C:/Users/kurni/OneDrive/Documents/idx-ai-trader (1)/backend/node_modules/ioredis/built/redis/RedisOptions").RedisOptions' is not assignable to type 'import("C:/Users/kurni/OneDrive/Documents/idx-ai-trader (1)/backend/node_modules/bullmq/node_modules/ioredis/built/redis/RedisOptions").RedisOptions'.
          Type 'RedisOptions' is not assignable to type 'CommonRedisOptions'.
            Types of property 'Connector' are incompatible.
              Type 'import("C:/Users/kurni/OneDrive/Documents/idx-ai-trader (1)/backend/node_modules/ioredis/built/connectors/ConnectorConstructor").default | undefined' is not assignable to type 'import("C:/Users/kurni/OneDrive/Documents/idx-ai-trader (1)/backend/node_modules/bullmq/node_modules/ioredis/built/connectors/ConnectorConstructor").default | undefined'.
                Type 'import("C:/Users/kurni/OneDrive/Documents/idx-ai-trader (1)/backend/node_modules/ioredis/built/connectors/ConnectorConstructor").default' is not assignable to type 'import("C:/Users/kurni/OneDrive/Documents/idx-ai-trader (1)/backend/node_modules/bullmq/node_modules/ioredis/built/connectors/ConnectorConstructor").default'.
                  Type 'import("C:/Users/kurni/OneDrive/Documents/idx-ai-trader (1)/backend/node_modules/ioredis/built/connectors/AbstractConnector").default' is not assignable to type 'import("C:/Users/kurni/OneDrive/Documents/idx-ai-trader (1)/backend/node_modules/bullmq/node_modules/ioredis/built/connectors/AbstractConnector").default'.
                    Property 'connecting' is protected but type 'AbstractConnector' is not a class derived from 'AbstractConnector'.
src/queue/queue.ts(46,53): error TS2322: Type 'Redis' is not assignable to type 'ConnectionOptions'.
  Type 'Redis' is not assignable to type 'ClusterOptions | Redis | Cluster'.
    Type 'import("C:/Users/kurni/OneDrive/Documents/idx-ai-trader (1)/backend/node_modules/ioredis/built/Redis").default' is not assignable to type 'import("C:/Users/kurni/OneDrive/Documents/idx-ai-trader (1)/backend/node_modules/bullmq/node_modules/ioredis/built/Redis").default'.
      Types of property 'options' are incompatible.
        Type 'import("C:/Users/kurni/OneDrive/Documents/idx-ai-trader (1)/backend/node_modules/ioredis/built/redis/RedisOptions").RedisOptions' is not assignable to type 'import("C:/Users/kurni/OneDrive/Documents/idx-ai-trader (1)/backend/node_modules/bullmq/node_modules/ioredis/built/redis/RedisOptions").RedisOptions'.
          Type 'RedisOptions' is not assignable to type 'CommonRedisOptions'.
            Types of property 'Connector' are incompatible.
              Type 'import("C:/Users/kurni/OneDrive/Documents/idx-ai-trader (1)/backend/node_modules/ioredis/built/connectors/ConnectorConstructor").default | undefined' is not assignable to type 'import("C:/Users/kurni/OneDrive/Documents/idx-ai-trader (1)/backend/node_modules/bullmq/node_modules/ioredis/built/connectors/ConnectorConstructor").default | undefined'.
                Type 'import("C:/Users/kurni/OneDrive/Documents/idx-ai-trader (1)/backend/node_modules/ioredis/built/connectors/ConnectorConstructor").default' is not assignable to type 'import("C:/Users/kurni/OneDrive/Documents/idx-ai-trader (1)/backend/node_modules/bullmq/node_modules/ioredis/built/connectors/ConnectorConstructor").default'.
                  Type 'import("C:/Users/kurni/OneDrive/Documents/idx-ai-trader (1)/backend/node_modules/ioredis/built/connectors/AbstractConnector").default' is not assignable to type 'import("C:/Users/kurni/OneDrive/Documents/idx-ai-trader (1)/backend/node_modules/bullmq/node_modules/ioredis/built/connectors/AbstractConnector").default'.
                    Property 'connecting' is protected but type 'AbstractConnector' is not a class derived from 'AbstractConnector'.
